// Jest Snapshot v1, https://goo.gl/fbAQLP

exports[`Pruebas sobre el componente <AddCategory /> Debe recibir una funci√≥n como props 1`] = `
<form
  onSubmit={[Function]}
>
  <p />
  <input
    onChange={[Function]}
    type="text"
    value=""
  />
</form>
`;
