// Jest Snapshot v1, https://goo.gl/fbAQLP

exports[`Pruebas sobre <GifGridItem /> Debe mostrar el componente correctamente 1`] = `
<div
  className="card animate__animated animate__fadeIn"
>
  <img
    alt="Un título cualquiera"
    src="https://una+URL+cualquiera"
    title="Un título cualquiera"
  />
  <p>
     
    Un título cualquiera
     
  </p>
</div>
`;
